// Jest Snapshot v1, https://goo.gl/fbAQLP

exports[`random color component renders a random color 1`] = `
<div
  style={
    Object {
      "backgroundColor": "orange",
      "height": "100px",
      "width": "100px",
    }
  }
/>
`;
